python : Creating test database for 
alias 'default'...
En línea: 1 Carácter: 1
+ python src\Infrastructure\DjangoFramewo
rk\manage.py test src.Infrastr ...
+ ~~~~~~~~~~~~~~~~~~~~~~~~~~~~~~~~~~~~~~~
~~~~~~~~~~~~~~~~~~~~~~~~~~~~~~
    + CategoryInfo          : NotSpecifi 
   ed: (Creating test d...as 'default'.  
  ..:String) [], RemoteException
    + FullyQualifiedErrorId : NativeComm 
   andError
 

EEEEEEE[PERFORMANCE] View 
'/editar/01010101/' took 0.009s
FEEEE
=========================================
=============================
ERROR: 
test_bulk_approve_multiple_proposals (src
.Infrastructure.DjangoFramework.persisten
ce.tests.test_proposals.BulkProposalActio
nsTestCase.test_bulk_approve_multiple_pro
posals)
Test: Aprobar m·ltiples propuestas a la 
vez
-----------------------------------------
-----------------------------
Traceback (most recent call last):
  File "C:\Users\xico0\Desktop\FantasyWor
ld_ScreamingArch\src\Infrastructure\Djang
oFramework\persistence\tests\test_proposa
ls.py", line 333, in setUp
    proposal = 
CaosVersionORM.objects.create(
               
^^^^^^^^^^^^^^^^^^^^^^^^^^^^^^
  File "C:\Users\xico0\AppData\Local\Prog
rams\Python\Python311\Lib\site-packages\d
jango\db\models\manager.py", line 87, in 
manager_method
    return getattr(self.get_queryset(), 
name)(*args, **kwargs)
           ^^^^^^^^^^^^^^^^^^^^^^^^^^^^^^
^^^^^^^^^^^^^^^^^^^^^
  File "C:\Users\xico0\AppData\Local\Prog
rams\Python\Python311\Lib\site-packages\d
jango\db\models\query.py", line 663, in 
create
    obj = self.model(**kwargs)
          ^^^^^^^^^^^^^^^^^^^^
  File "C:\Users\xico0\AppData\Local\Prog
rams\Python\Python311\Lib\site-packages\d
jango\db\models\base.py", line 569, in 
__init__
    raise TypeError(
TypeError: CaosVersionORM() got 
unexpected keyword arguments: 
'created_by'

=========================================
=============================
ERROR: 
test_bulk_reject_multiple_proposals (src.
Infrastructure.DjangoFramework.persistenc
e.tests.test_proposals.BulkProposalAction
sTestCase.test_bulk_reject_multiple_propo
sals)
Test: Rechazar m·ltiples propuestas a la 
vez
-----------------------------------------
-----------------------------
Traceback (most recent call last):
  File "C:\Users\xico0\Desktop\FantasyWor
ld_ScreamingArch\src\Infrastructure\Djang
oFramework\persistence\tests\test_proposa
ls.py", line 333, in setUp
    proposal = 
CaosVersionORM.objects.create(
               
^^^^^^^^^^^^^^^^^^^^^^^^^^^^^^
  File "C:\Users\xico0\AppData\Local\Prog
rams\Python\Python311\Lib\site-packages\d
jango\db\models\manager.py", line 87, in 
manager_method
    return getattr(self.get_queryset(), 
name)(*args, **kwargs)
           ^^^^^^^^^^^^^^^^^^^^^^^^^^^^^^
^^^^^^^^^^^^^^^^^^^^^
  File "C:\Users\xico0\AppData\Local\Prog
rams\Python\Python311\Lib\site-packages\d
jango\db\models\query.py", line 663, in 
create
    obj = self.model(**kwargs)
          ^^^^^^^^^^^^^^^^^^^^
  File "C:\Users\xico0\AppData\Local\Prog
rams\Python\Python311\Lib\site-packages\d
jango\db\models\base.py", line 569, in 
__init__
    raise TypeError(
TypeError: CaosVersionORM() got 
unexpected keyword arguments: 
'created_by'

=========================================
=============================
ERROR: 
test_cover_image_change_is_tracked (src.I
nfrastructure.DjangoFramework.persistence
.tests.test_proposals.ProposalMetadataTes
tCase.test_cover_image_change_is_tracked)
Test: Los cambios en cover_image se 
rastrean correctamente
-----------------------------------------
-----------------------------
Traceback (most recent call last):
  File "C:\Users\xico0\Desktop\FantasyWor
ld_ScreamingArch\src\Infrastructure\Djang
oFramework\persistence\tests\test_proposa
ls.py", line 290, in 
test_cover_image_change_is_tracked
    proposal = 
CaosVersionORM.objects.create(
               
^^^^^^^^^^^^^^^^^^^^^^^^^^^^^^
  File "C:\Users\xico0\AppData\Local\Prog
rams\Python\Python311\Lib\site-packages\d
jango\db\models\manager.py", line 87, in 
manager_method
    return getattr(self.get_queryset(), 
name)(*args, **kwargs)
           ^^^^^^^^^^^^^^^^^^^^^^^^^^^^^^
^^^^^^^^^^^^^^^^^^^^^
  File "C:\Users\xico0\AppData\Local\Prog
rams\Python\Python311\Lib\site-packages\d
jango\db\models\query.py", line 663, in 
create
    obj = self.model(**kwargs)
          ^^^^^^^^^^^^^^^^^^^^
  File "C:\Users\xico0\AppData\Local\Prog
rams\Python\Python311\Lib\site-packages\d
jango\db\models\base.py", line 569, in 
__init__
    raise TypeError(
TypeError: CaosVersionORM() got 
unexpected keyword arguments: 
'created_by'

=========================================
=============================
ERROR: test_metadata_changes_are_tracked 
(src.Infrastructure.DjangoFramework.persi
stence.tests.test_proposals.ProposalMetad
ataTestCase.test_metadata_changes_are_tra
cked)
Test: Los cambios en metadata se 
rastrean correctamente
-----------------------------------------
-----------------------------
Traceback (most recent call last):
  File "C:\Users\xico0\Desktop\FantasyWor
ld_ScreamingArch\src\Infrastructure\Djang
oFramework\persistence\tests\test_proposa
ls.py", line 267, in 
test_metadata_changes_are_tracked
    proposal = 
CaosVersionORM.objects.create(
               
^^^^^^^^^^^^^^^^^^^^^^^^^^^^^^
  File "C:\Users\xico0\AppData\Local\Prog
rams\Python\Python311\Lib\site-packages\d
jango\db\models\manager.py", line 87, in 
manager_method
    return getattr(self.get_queryset(), 
name)(*args, **kwargs)
           ^^^^^^^^^^^^^^^^^^^^^^^^^^^^^^
^^^^^^^^^^^^^^^^^^^^^
  File "C:\Users\xico0\AppData\Local\Prog
rams\Python\Python311\Lib\site-packages\d
jango\db\models\query.py", line 663, in 
create
    obj = self.model(**kwargs)
          ^^^^^^^^^^^^^^^^^^^^
  File "C:\Users\xico0\AppData\Local\Prog
rams\Python\Python311\Lib\site-packages\d
jango\db\models\base.py", line 569, in 
__init__
    raise TypeError(
TypeError: CaosVersionORM() got 
unexpected keyword arguments: 
'created_by'

=========================================
=============================
ERROR: 
test_approve_proposal_changes_status (src
.Infrastructure.DjangoFramework.persisten
ce.tests.test_proposals.ProposalWorkflowT
estCase.test_approve_proposal_changes_sta
tus)
Test: Aprobar una propuesta cambia su 
status a APPROVED
-----------------------------------------
-----------------------------
Traceback (most recent call last):
  File "C:\Users\xico0\Desktop\FantasyWor
ld_ScreamingArch\src\Infrastructure\Djang
oFramework\persistence\tests\test_proposa
ls.py", line 69, in 
test_approve_proposal_changes_status
    proposal = 
CaosVersionORM.objects.create(
               
^^^^^^^^^^^^^^^^^^^^^^^^^^^^^^
  File "C:\Users\xico0\AppData\Local\Prog
rams\Python\Python311\Lib\site-packages\d
jango\db\models\manager.py", line 87, in 
manager_method
    return getattr(self.get_queryset(), 
name)(*args, **kwargs)
           ^^^^^^^^^^^^^^^^^^^^^^^^^^^^^^
^^^^^^^^^^^^^^^^^^^^^
  File "C:\Users\xico0\AppData\Local\Prog
rams\Python\Python311\Lib\site-packages\d
jango\db\models\query.py", line 663, in 
create
    obj = self.model(**kwargs)
          ^^^^^^^^^^^^^^^^^^^^
  File "C:\Users\xico0\AppData\Local\Prog
rams\Python\Python311\Lib\site-packages\d
jango\db\models\base.py", line 569, in 
__init__
    raise TypeError(
TypeError: CaosVersionORM() got 
unexpected keyword arguments: 
'created_by'

=========================================
=============================
ERROR: test_approve_proposal_does_not_mod
ify_live_world (src.Infrastructure.Django
Framework.persistence.tests.test_proposal
s.ProposalWorkflowTestCase.test_approve_p
roposal_does_not_modify_live_world)
Test: Aprobar NO modifica el mundo LIVE 
(solo cambia status)
-----------------------------------------
-----------------------------
Traceback (most recent call last):
  File "C:\Users\xico0\Desktop\FantasyWor
ld_ScreamingArch\src\Infrastructure\Djang
oFramework\persistence\tests\test_proposa
ls.py", line 92, in test_approve_proposal
_does_not_modify_live_world
    proposal = 
CaosVersionORM.objects.create(
               
^^^^^^^^^^^^^^^^^^^^^^^^^^^^^^
  File "C:\Users\xico0\AppData\Local\Prog
rams\Python\Python311\Lib\site-packages\d
jango\db\models\manager.py", line 87, in 
manager_method
    return getattr(self.get_queryset(), 
name)(*args, **kwargs)
           ^^^^^^^^^^^^^^^^^^^^^^^^^^^^^^
^^^^^^^^^^^^^^^^^^^^^
  File "C:\Users\xico0\AppData\Local\Prog
rams\Python\Python311\Lib\site-packages\d
jango\db\models\query.py", line 663, in 
create
    obj = self.model(**kwargs)
          ^^^^^^^^^^^^^^^^^^^^
  File "C:\Users\xico0\AppData\Local\Prog
rams\Python\Python311\Lib\site-packages\d
jango\db\models\base.py", line 569, in 
__init__
    raise TypeError(
TypeError: CaosVersionORM() got 
unexpected keyword arguments: 
'created_by'

=========================================
=============================
ERROR: 
test_archive_proposal_changes_status (src
.Infrastructure.DjangoFramework.persisten
ce.tests.test_proposals.ProposalWorkflowT
estCase.test_archive_proposal_changes_sta
tus)
Test: Archivar una propuesta cambia su 
status a ARCHIVED
-----------------------------------------
-----------------------------
Traceback (most recent call last):
  File "C:\Users\xico0\Desktop\FantasyWor
ld_ScreamingArch\src\Infrastructure\Djang
oFramework\persistence\tests\test_proposa
ls.py", line 133, in 
test_archive_proposal_changes_status
    proposal = 
CaosVersionORM.objects.create(
               
^^^^^^^^^^^^^^^^^^^^^^^^^^^^^^
  File "C:\Users\xico0\AppData\Local\Prog
rams\Python\Python311\Lib\site-packages\d
jango\db\models\manager.py", line 87, in 
manager_method
    return getattr(self.get_queryset(), 
name)(*args, **kwargs)
           ^^^^^^^^^^^^^^^^^^^^^^^^^^^^^^
^^^^^^^^^^^^^^^^^^^^^
  File "C:\Users\xico0\AppData\Local\Prog
rams\Python\Python311\Lib\site-packages\d
jango\db\models\query.py", line 663, in 
create
    obj = self.model(**kwargs)
          ^^^^^^^^^^^^^^^^^^^^
  File "C:\Users\xico0\AppData\Local\Prog
rams\Python\Python311\Lib\site-packages\d
jango\db\models\base.py", line 569, in 
__init__
    raise TypeError(
TypeError: CaosVersionORM() got 
unexpected keyword arguments: 
'created_by'

=========================================
=============================
ERROR: 
test_reject_proposal_changes_status (src.
Infrastructure.DjangoFramework.persistenc
e.tests.test_proposals.ProposalWorkflowTe
stCase.test_reject_proposal_changes_statu
s)
Test: Rechazar una propuesta cambia su 
status a REJECTED
-----------------------------------------
-----------------------------
Traceback (most recent call last):
  File "C:\Users\xico0\Desktop\FantasyWor
ld_ScreamingArch\src\Infrastructure\Djang
oFramework\persistence\tests\test_proposa
ls.py", line 113, in 
test_reject_proposal_changes_status
    proposal = 
CaosVersionORM.objects.create(
               
^^^^^^^^^^^^^^^^^^^^^^^^^^^^^^
  File "C:\Users\xico0\AppData\Local\Prog
rams\Python\Python311\Lib\site-packages\d
jango\db\models\manager.py", line 87, in 
manager_method
    return getattr(self.get_queryset(), 
name)(*args, **kwargs)
           ^^^^^^^^^^^^^^^^^^^^^^^^^^^^^^
^^^^^^^^^^^^^^^^^^^^^
  File "C:\Users\xico0\AppData\Local\Prog
rams\Python\Python311\Lib\site-packages\d
jango\db\models\query.py", line 663, in 
create
    obj = self.model(**kwargs)
          ^^^^^^^^^^^^^^^^^^^^
  File "C:\Users\xico0\AppData\Local\Prog
rams\Python\Python311\Lib\site-packages\d
jango\db\models\base.py", line 569, in 
__init__
    raise TypeError(
TypeError: CaosVersionORM() got 
unexpected keyword arguments: 
'created_by'

=========================================
=============================
ERROR: test_restore_proposal_changes_stat
us_to_pending (src.Infrastructure.DjangoF
ramework.persistence.tests.test_proposals
.ProposalWorkflowTestCase.test_restore_pr
oposal_changes_status_to_pending)
Test: Restaurar una propuesta rechazada 
la vuelve a PENDING
-----------------------------------------
-----------------------------
Traceback (most recent call last):
  File "C:\Users\xico0\Desktop\FantasyWor
ld_ScreamingArch\src\Infrastructure\Djang
oFramework\persistence\tests\test_proposa
ls.py", line 151, in test_restore_proposa
l_changes_status_to_pending
    proposal = 
CaosVersionORM.objects.create(
               
^^^^^^^^^^^^^^^^^^^^^^^^^^^^^^
  File "C:\Users\xico0\AppData\Local\Prog
rams\Python\Python311\Lib\site-packages\d
jango\db\models\manager.py", line 87, in 
manager_method
    return getattr(self.get_queryset(), 
name)(*args, **kwargs)
           ^^^^^^^^^^^^^^^^^^^^^^^^^^^^^^
^^^^^^^^^^^^^^^^^^^^^
  File "C:\Users\xico0\AppData\Local\Prog
rams\Python\Python311\Lib\site-packages\d
jango\db\models\query.py", line 663, in 
create
    obj = self.model(**kwargs)
          ^^^^^^^^^^^^^^^^^^^^
  File "C:\Users\xico0\AppData\Local\Prog
rams\Python\Python311\Lib\site-packages\d
jango\db\models\base.py", line 569, in 
__init__
    raise TypeError(
TypeError: CaosVersionORM() got 
unexpected keyword arguments: 
'created_by'

=========================================
=============================
ERROR: test_retouch_mode_only_for_rejecte
d_proposals (src.Infrastructure.DjangoFra
mework.persistence.tests.test_proposals.R
etouchModeTestCase.test_retouch_mode_only
_for_rejected_proposals)
Test: El modo retoque solo funciona con 
propuestas REJECTED
-----------------------------------------
-----------------------------
Traceback (most recent call last):
  File "C:\Users\xico0\Desktop\FantasyWor
ld_ScreamingArch\src\Infrastructure\Djang
oFramework\persistence\tests\test_proposa
ls.py", line 194, in setUp
    self.rejected_proposal = 
CaosVersionORM.objects.create(
                             
^^^^^^^^^^^^^^^^^^^^^^^^^^^^^^
  File "C:\Users\xico0\AppData\Local\Prog
rams\Python\Python311\Lib\site-packages\d
jango\db\models\manager.py", line 87, in 
manager_method
    return getattr(self.get_queryset(), 
name)(*args, **kwargs)
           ^^^^^^^^^^^^^^^^^^^^^^^^^^^^^^
^^^^^^^^^^^^^^^^^^^^^
  File "C:\Users\xico0\AppData\Local\Prog
rams\Python\Python311\Lib\site-packages\d
jango\db\models\query.py", line 663, in 
create
    obj = self.model(**kwargs)
          ^^^^^^^^^^^^^^^^^^^^
  File "C:\Users\xico0\AppData\Local\Prog
rams\Python\Python311\Lib\site-packages\d
jango\db\models\base.py", line 569, in 
__init__
    raise TypeError(
TypeError: CaosVersionORM() got 
unexpected keyword arguments: 
'created_by'

=========================================
=============================
ERROR: test_retouch_mode_prefills_form (s
rc.Infrastructure.DjangoFramework.persist
ence.tests.test_proposals.RetouchModeTest
Case.test_retouch_mode_prefills_form)
Test: El modo retoque pre-rellena el 
formulario con datos de la propuesta
-----------------------------------------
-----------------------------
Traceback (most recent call last):
  File "C:\Users\xico0\Desktop\FantasyWor
ld_ScreamingArch\src\Infrastructure\Djang
oFramework\persistence\tests\test_proposa
ls.py", line 194, in setUp
    self.rejected_proposal = 
CaosVersionORM.objects.create(
                             
^^^^^^^^^^^^^^^^^^^^^^^^^^^^^^
  File "C:\Users\xico0\AppData\Local\Prog
rams\Python\Python311\Lib\site-packages\d
jango\db\models\manager.py", line 87, in 
manager_method
    return getattr(self.get_queryset(), 
name)(*args, **kwargs)
           ^^^^^^^^^^^^^^^^^^^^^^^^^^^^^^
^^^^^^^^^^^^^^^^^^^^^
  File "C:\Users\xico0\AppData\Local\Prog
rams\Python\Python311\Lib\site-packages\d
jango\db\models\query.py", line 663, in 
create
    obj = self.model(**kwargs)
          ^^^^^^^^^^^^^^^^^^^^
  File "C:\Users\xico0\AppData\Local\Prog
rams\Python\Python311\Lib\site-packages\d
jango\db\models\base.py", line 569, in 
__init__
    raise TypeError(
TypeError: CaosVersionORM() got 
unexpected keyword arguments: 
'created_by'

=========================================
=============================
FAIL: test_create_proposal_generates_pend
ing_version (src.Infrastructure.DjangoFra
mework.persistence.tests.test_proposals.P
roposalWorkflowTestCase.test_create_propo
sal_generates_pending_version)
Test: Crear una propuesta genera 
CaosVersionORM con status PENDING
-----------------------------------------
-----------------------------
Traceback (most recent call last):
  File "C:\Users\xico0\Desktop\FantasyWor
ld_ScreamingArch\src\Infrastructure\Djang
oFramework\persistence\tests\test_proposa
ls.py", line 59, in test_create_proposal_
generates_pending_version
    self.assertGreater(versions.count(), 
0)
AssertionError: 0 not greater than 0

-----------------------------------------
-----------------------------
Ran 12 tests in 7.116s

FAILED (failures=1, errors=11)
Destroying test database for alias 
'default'...

Found 12 test(s).
System check identified no issues (0 silenced).
[PERFORMANCE] View '/editar/01010101/' took 0.009s
